[2m05:17:05[22m [34m[content][39m Syncing content
[2m05:17:05[22m [34m[content][39m Synced content
[2m05:17:05[22m [34m[types][39m Generated [2m613ms[22m
[2m05:17:05[22m [34m[build][39m output: [34m"static"[39m
[2m05:17:05[22m [34m[build][39m mode: [34m"static"[39m
[2m05:17:05[22m [34m[build][39m directory: [34mD:\IDE - My sites\Median Point IDE\dist\[39m
[2m05:17:05[22m [34m[build][39m Collecting build info...
[2m05:17:05[22m [34m[build][39m [32mÔ£ô Completed in 639ms.[39m
[2m05:17:05[22m [34m[build][39m Building static entrypoints...
node.exe : 
[31m[1m05:17:06[22m 
[ERROR] [vite][39m 
[31mÔ£ù[39m Build 
failed in 750ms
At C:\Program 
Files\nodejs\npx.ps1:29 
char:3
+   & $NODE_EXE 
$NPX_CLI_JS $args
+   ~~~~~~~~~~~~~~~~~~~~~~
~~~~~~~
    + CategoryInfo        
      : NotSpecified: (  
  [31m[1m05:17:...fail   
 ed in 750ms:String) [    
], RemoteException
    + FullyQualifiedError 
   Id : NativeCommandErr  
  or
 
[@tailwindcss/vite:generat
e:build] Cannot apply 
unknown utility class 
`bg-bg`. Are you using 
CSS modules or similar 
and missing `@reference`? 
https://tailwindcss.com/do
cs/functions-and-directive
s#reference-directive
file: D:/IDE - My 
sites/Median Point 
IDE/src/styles/global.css
  [1mStack trace:[22m
[2m    at 
onInvalidCandidate (file:/
//D:/IDE%20-%20My%20sites/
Median%20Point%20IDE/node_
modules/tailwindcss/dist/c
hunk-F4544Y4M.mjs:21:1314)
    at file:///D:/IDE%20-%
20My%20sites/Median%20Poin
t%20IDE/node_modules/tailw
indcss/dist/chunk-F4544Y4M
.mjs:21:355
    at _ (file:///D:/IDE%2
0-%20My%20sites/Median%20P
oint%20IDE/node_modules/ta
ilwindcss/dist/chunk-F4544
Y4M.mjs:3:1377)
    at Zi (file:///D:/IDE%
20-%20My%20sites/Median%20
Point%20IDE/node_modules/t
ailwindcss/dist/chunk-F454
4Y4M.mjs:38:294)
    at async yf (file:///D
:/IDE%20-%20My%20sites/Med
ian%20Point%20IDE/node_mod
ules/tailwindcss/dist/chun
k-F4544Y4M.mjs:38:1406)[2
2m
